Archive member included because of file (symbol)

C:\nburn/lib/MOD5441X.a(bsp.o)
                              c:/nburn/gcc-m68k/bin/../lib/gcc/m68k-elf/4.2.1/../../../../m68k-elf/lib/m5206e\nb-crt0.o (atexit)
C:\nburn/lib/MOD5441X.a(flash.o)
                              C:\nburn/lib/MOD5441X.a(bsp.o) (FlashErase)
C:\nburn/lib/MOD5441X.a(pins.o)
                              LCD.o (PinIO::set(unsigned char))
C:\nburn/lib/MOD5441X.a(dspi.o)
                              LCD.o (DSPIInit(unsigned char, unsigned long, unsigned char, unsigned char, unsigned char, unsigned char, unsigned char, unsigned char, unsigned char, unsigned char))
C:\nburn/lib/NetBurner.a(ucosmcfa.o)
                              C:\nburn/lib/MOD5441X.a(bsp.o) (OSCtxSw)
C:\nburn/lib/NetBurner.a(software_init.o)
                              c:/nburn/gcc-m68k/bin/../lib/gcc/m68k-elf/4.2.1/../../../../m68k-elf/lib/m5206e\nb-crt0.o (software_init_hook)
C:\nburn/lib/NetBurner.a(ucosmcfc.o)
                              lab3.o (OSTaskCreatewName)
C:\nburn/lib/NetBurner.a(ucos.o)
                              C:\nburn/lib/NetBurner.a(ucosmcfc.o) (OSSched)
C:\nburn/lib/NetBurner.a(debugtrap.o)
                              C:\nburn/lib/MOD5441X.a(bsp.o) (SetAddressReadRangeTrap)
C:\nburn/lib/NetBurner.a(ucosmain.o)
                              C:\nburn/lib/MOD5441X.a(bsp.o) (critical_count)
C:\nburn/lib/NetBurner.a(fileio.o)
                              C:\nburn/lib/NetBurner.a(ucosmain.o) (ioctl)
C:\nburn/lib/NetBurner.a(main.o)
                              c:/nburn/gcc-m68k/bin/../lib/gcc/m68k-elf/4.2.1/../../../../m68k-elf/lib/m5206e\nb-crt0.o (main)
C:\nburn/lib/NetBurner.a(ip.o)
                              lab3.o (InitializeStack(unsigned long, unsigned long, unsigned long, unsigned long))
C:\nburn/lib/NetBurner.a(buffers.o)
                              C:\nburn/lib/NetBurner.a(ip.o) (FreeBuffer)
C:\nburn/lib/NetBurner.a(arp.o)
                              C:\nburn/lib/NetBurner.a(ip.o) (wArpLifetime)
C:\nburn/lib/NetBurner.a(udp.o)
                              C:\nburn/lib/NetBurner.a(ip.o) (process_udp(pool_buffer*, IPPKT*, unsigned short))
C:\nburn/lib/NetBurner.a(tcp.o)
                              C:\nburn/lib/NetBurner.a(ip.o) (DumpTcpPacket(IPPKT*))
C:\nburn/lib/NetBurner.a(http.o)
                              lab3.o (StartHTTP)
C:\nburn/lib/NetBurner.a(httpinternal.o)
                              C:\nburn/lib/NetBurner.a(http.o) (TheErrorHandler)
C:\nburn/lib/NetBurner.a(httpstricmp.o)
                              C:\nburn/lib/NetBurner.a(httpinternal.o) (httpstricmp)
C:\nburn/lib/NetBurner.a(htmldecomp.o)
                              C:\nburn/lib/NetBurner.a(httpinternal.o) (SendHeaderResponse(char*, int))
C:\nburn/lib/NetBurner.a(iosys.o)
                              C:\nburn/lib/NetBurner.a(tcp.o) (FD_ZERO)
C:\nburn/lib/NetBurner.a(autoip.o)
                              C:\nburn/lib/NetBurner.a(arp.o) (AutoIPClient::addressCollision())
C:\nburn/lib/NetBurner.a(netinterface.o)
                              C:\nburn/lib/NetBurner.a(ip.o) (GetFirstInterface())
C:\nburn/lib/NetBurner.a(taskmon.o)
                              lab3.o (EnableTaskMonitor())
C:\nburn/lib/NetBurner.a(smarttrap.o)
                              lab3.o (EnableSmartTraps())
C:\nburn/lib/NetBurner.a(autoupdate.o)
                              lab3.o (EnableAutoUpdate)
C:\nburn/lib/NetBurner.a(device.o)
                              C:\nburn/lib/NetBurner.a(main.o) (DeviceInitializeSem)
C:\nburn/lib/NetBurner.a(nbiprintf.o)
                              lab3.o (iprintf)
C:\nburn/lib/NetBurner.a(nbsiprintf.o)
                              C:\nburn/lib/NetBurner.a(httpinternal.o) (siprintf)
C:\nburn/lib/NetBurner.a(websocket_handler.o)
                              C:\nburn/lib/NetBurner.a(httpinternal.o) (TheWSHandler)
C:\nburn/lib/NetBurner.a(system.o)
                              C:\nburn/lib/NetBurner.a(udp.o) (isvalidcr)
C:\nburn/lib/NetBurner.a(utils.o)
                              C:\nburn/lib/NetBurner.a(system.o) (AsciiToIp)
C:\nburn/lib/NetBurner.a(extraio.o)
                              C:\nburn/lib/NetBurner.a(httpinternal.o) (GetExtraInterface)
C:\nburn/lib/NetBurner.a(new_ops.o)
                              C:\nburn/lib/NetBurner.a(autoip.o) (operator new(unsigned long))
C:\nburn/lib/MOD5441X.a(localio.o)
                              C:\nburn/lib/NetBurner.a(fileio.o) (LocalInByte)
C:\nburn/lib/MOD5441X.a(serial.o)
                              C:\nburn/lib/NetBurner.a(fileio.o) (SerialClose)
C:\nburn/lib/MOD5441X.a(ethernet.o)
                              C:\nburn/lib/NetBurner.a(netinterface.o) (AddEthernetInterface())
C:\nburn/lib/MOD5441X.a(etherprint.o)
                              C:\nburn/lib/MOD5441X.a(ethernet.o) (EthernetVars::EtherLink())
C:\nburn/lib/MOD5441X.a(emulticast.o)
[...]
Memory Configuration

Name             Origin             Length             Attributes
ram              0x40000400         0x03fffcff         xrw
SRAM             0x80000400         0x0000fbf0         xrw
*default*        0x00000000         0xffffffff

Linker script and memory map

LOAD c:/nburn/gcc-m68k/bin/../lib/gcc/m68k-elf/4.2.1/../../../../m68k-elf/lib/m5206e\nb-crt0.o
LOAD c:/nburn/gcc-m68k/bin/../lib/gcc/m68k-elf/4.2.1/m5206e/crtbegin.o
LOAD lab3.o
LOAD error_wrapper.o
LOAD LCD.o
LOAD DA.o
LOAD AD.o
LOAD htmldata.o
LOAD C:\nburn/MOD5441X/lib/sys.ld
                0x40000000                ovector_base = 0x40000000
                0x80000000                vector_base = 0x80000000
                0x80000400                SRAM_START_ADDR = 0x80000400
                0x80010000                SRAM_END_ADDR = 0x80010000
                0xc0000000                gConfigRec = 0xc0000000
                0xc0020000                UserParamBase = 0xc0020000
                0xc0040000                FlashAppBase = 0xc0040000
                0x8c000000                sim_rgpio = 0x8c000000
                0xec008000                sim1 = 0xec008000
                0xfc004000                sim2 = 0xfc004000
                0xfc0d4008                DBETHER_EMIR_REG = 0xfc0d4008
START GROUP
LOAD C:\nburn/lib/MOD5441X.a
LOAD C:\nburn/lib/NetBurner.a
LOAD C:\nburn/lib/FatFile.a
LOAD C:\nburn\lib\debugLibrary.a
LOAD C:\nburn\lib\Lua_Full.a
LOAD C:\nburn\lib\nb-libxively.a
LOAD C:\nburn\lib\nbwifilib.a
LOAD C:\nburn\lib\webclient.a
END GROUP
LOAD c:/nburn/gcc-m68k/bin/../lib/gcc/m68k-elf/4.2.1/../../../../m68k-elf/lib/m5206e\libstdc++.a
LOAD c:/nburn/gcc-m68k/bin/../lib/gcc/m68k-elf/4.2.1/../../../../m68k-elf/lib/m5206e\libm.a
LOAD c:/nburn/gcc-m68k/bin/../lib/gcc/m68k-elf/4.2.1/m5206e\libgcc.a
LOAD c:/nburn/gcc-m68k/bin/../lib/gcc/m68k-elf/4.2.1/../../../../m68k-elf/lib/m5206e\libc.a
LOAD c:/nburn/gcc-m68k/bin/../lib/gcc/m68k-elf/4.2.1/m5206e\libgcc.a
LOAD c:/nburn/gcc-m68k/bin/../lib/gcc/m68k-elf/4.2.1/m5206e/crtend.o
START GROUP
LOAD c:/nburn/gcc-m68k/bin/../lib/gcc/m68k-elf/4.2.1/../../../../m68k-elf/lib/m5206e\libc.a
LOAD c:/nburn/gcc-m68k/bin/../lib/gcc/m68k-elf/4.2.1/m5206e\libgcc.a
LOAD c:/nburn/gcc-m68k/bin/../lib/gcc/m68k-elf/4.2.1/../../../../m68k-elf/lib/m5206e\libm.a
END GROUP
                0x00000000                __DYNAMIC = 0x0
                0x44000000                PROVIDE (__stack, 0x44000000)
                0x00000000                PROVIDE (hardware_init_hook, 0x0)
                0x00000000                PROVIDE (_hardware_init_hook, 0x0)
                0x00000000                PROVIDE (software_init_hook, 0x0)
                0x00000000                PROVIDE (_software_init_hook, 0x0)

.SRAM_SECT      0x80000400     0x8df0
                0x80000400                SRAM_START = .
 *(SYS_VAR_SECT)
 SYS_VAR_SECT   0x80000400      0x3b0 C:\nburn/lib/MOD5441X.a(dspi.o)
                0x80000404                fakeRXData
                0x800007a0                DSPIModule::lastCxts
                0x80000408                DSPIModule::driverCxt
                0x80000400                fakeTXData
 SYS_VAR_SECT   0x800007b0      0x238 C:\nburn/lib/NetBurner.a(ucos.o)
                0x800008dc                TimeTick
                0x800008cc                OSLockNesting
                0x800008d6                OSRunning
                0x800008b8                OSTCBList
                0x800008e0                OSMapTbl
                0x800008d8                Secs
                0x800008c4                OSTCBFreeList
                0x800008d4                OSISRLevel
                0x800008c0                OSTCBHighRdy
                0x800008d0                OSRdyGrp
                0x800008e8                OSUnMapTbl
                0x800008b0                OSRdyTbl
                0x800008c8                OSIntNesting
                0x800008bc                OSTCBCur
                0x800007b0                OSTCBPrioTbl
 SYS_VAR_SECT   0x800009e8      0x1ac C:\nburn/lib/NetBurner.a(ucosmain.o)
                0x800009e8                OSTcbStructSize
                0x80000a00                critical_count
                0x80000a04                OSTCBTbl
 SYS_VAR_SECT   0x80000b94       0x1c C:\nburn/lib/NetBurner.a(fileio.o)
                0x80000ba0                pExtraFdFunc
                0x80000ba4                fd_map
 SYS_VAR_SECT   0x80000bb0       0x20 C:\nburn/lib/NetBurner.a(iosys.o)
                0x80000bb0                read_file_sets
                0x80000bc0                error_file_sets
                0x80000bb8                write_file_sets
                0x80000bd0                SYS_VAR_SECT_END = .
                0x80000bd0                . = ALIGN (0x10)
 *(IDLE_STK_SECT)
                0x80000bd0                IDLE_STK_SECT_END = .
                0x80000bd0                . = ALIGN (0x10)
 *(MAIN_STK_SECT)
 MAIN_STK_SECT  0x80000bd0     0x2000 C:\nburn/lib/NetBurner.a(main.o)
                0x80000bd0                MainStk
                0x80002bd0                MAIN_STK_SECT_END = .
                0x80002bd0                . = ALIGN (0x4)
 *(ETHER_VAR_SECT)
 ETHER_VAR_SECT
                0x80002bd0      0x252 C:\nburn/lib/MOD5441X.a(ethernet.o)
                0x80002e10                FecFifo
                0x80002bd0                enet0
                0x80002cf0                enet1
                0x80002e22                ETHER_VAR_SECT_END = .
                0x80002e30                . = ALIGN (0x10)
 *fill*         0x80002e22        0xe 00
 *(ETHER_STK_SECT)
 ETHER_STK_SECT
                0x80002e30     0x2000 C:\nburn/lib/MOD5441X.a(ethernet.o)
                0x80002e30                EtherSendStk
                0x80004e30                ETHER_STK_SECT_END = .
                0x80004e30                . = ALIGN (0x4)
 *(IP_VAR_SECT)
 IP_VAR_SECT    0x80004e30      0x2fe C:\nburn/lib/NetBurner.a(ip.o)
                0x80004e4e                pDHCPServerTick
                0x80004e32                bTTL_Default
                0x80005126                next_arp_time
                0x80004e34                ipRxFifo
                0x80004e6a                multi_home_if_record
                0x80004e46                IcmpFifo
                0x80004e66                nAdditional_Homes
                0x80004e30                wGlobalPktId
                0x80004e5a                pPromisciousPacketFunc
                0x80004e62                pFragFunc
                0x80004e5e                pMultiCastFunc
                0x8000512a                delay
                0x80004e56                pAutoIPTick
                0x80004e52                pMultiTick
                0x80004e4a                pDHCPTick
                0x80004e92                multi_if_block
 IP_VAR_SECT    0x8000512e       0x78 C:\nburn/lib/NetBurner.a(udp.o)
                0x800051a2                UdpNetbiosNameServicePtr
                0x8000519a                pDHCPServerProcessFunction
                0x8000512e                udp_fifos
                0x80005196                pDHCPProcessFunction
                0x8000519e                pTaskPacketFunc
                0x80005192                UDP_fifos_used
                0x800051a6                IP_VAR_SECT_END = .
                0x800051b0                . = ALIGN (0x10)
 *fill*         0x800051a6        0xa 00
 *(IP_STK_SECT)
 IP_STK_SECT    0x800051b0     0x2000 C:\nburn/lib/NetBurner.a(ip.o)
                0x800051b0                IPStk
                0x800071b0                IP_STK_SECT_END = .
                0x800071b0                . = ALIGN (0x4)
 *(TCP_VAR_SECT)
 TCP_VAR_SECT   0x800071b0       0x1e C:\nburn/lib/NetBurner.a(tcp.o)
                0x800071c0                TCP_TimerSemaphore
                0x800071b0                TCP_critical_section
                0x800071ce                TCP_VAR_SECT_END = .
                0x800071d0                . = ALIGN (0x10)
 *fill*         0x800071ce        0x2 00
 *(TCP_STK_SECT)
 TCP_STK_SECT   0x800071d0     0x2000 C:\nburn/lib/NetBurner.a(tcp.o)
                0x800071d0                TCPStk
                0x800091d0                TCP_STK_SECT_END = .
                0x800091d0                . = ALIGN (0x10)
 *(HTTP_STK_SECT)
                0x800091d0                HTTP_STK_SECT_END = .
                0x800091d0                . = ALIGN (0x10)
 *(FTP_STK_SECT)
                0x800091d0                FTP_STK_SECT_END = .
                0x800091d0                . = ALIGN (0x10)
 *(WIFI_STK_SECT)
                0x800091d0                WIFI_STK_SECT_END = .
                0x800091d0                . = ALIGN (0x10)
 *(PPP_STK_SECT)
                0x800091d0                PPP_STK_SECT_END = .
                0x800091d0                . = ALIGN (0x10)
 *(COMMAND_STK_SECT)
                0x800091d0                COMMAND_STK_SECT_END = .
                0x800091d0                . = ALIGN (0x4)
 *(USER_VAR_SECT)
                0x800091d0                USER_VAR_SECT_END = .
                0x800091d0                . = ALIGN (0x10)
 *(USER_STK_SECT)
                0x800091d0                USER_STK_SECT_END = .
                0x800091d0                . = ALIGN (0x4)
 *(TLS_VAR_SECT)
                0x800091d0                TLS_VAR_SECT_END = .
                0x800091d0                BUFFERS_SECT_START = .
                0x800091d0                . = ALIGN (0x10)
 *(BUFFERS_VAR_SECT)
 BUFFERS_VAR_SECT
                0x800091d0       0x1c C:\nburn/lib/NetBurner.a(buffers.o)
                0x800091d0                FAST_BUFFER_POOL_SIZE
                0x800091de                free_fast_list
                0x800091e8                free_list_is_initialized
                0x800091d4                free_list
                0x800091f0                . = ALIGN (0x10)
 *fill*         0x800091ec        0x4 00
                0x800091f0                BUFFERS_VAR_SECT_END = .
                0x800091f0                . = ALIGN (0x10)
                0x800091f0                SRAM_END = .

.text           0x40000400    0x2b1e0
 *(.text)
 .text          0x40000400       0xaa c:/nburn/gcc-m68k/bin/../lib/gcc/m68k-elf/4.2.1/../../../../m68k-elf/lib/m5206e\nb-crt0.o
                0x40000400                start
 *fill*         0x400004aa        0x2 00
 .text          0x400004ac       0x9c c:/nburn/gcc-m68k/bin/../lib/gcc/m68k-elf/4.2.1/m5206e/crtbegin.o
 .text          0x40000548      0x4c4 lab3.o
                0x40000680                Task1Main
                0x400006f4                StartTask2
                0x4000079c                UserMain
                0x4000060c                Task2Main
                0x40000748                StartTask1
 .text          0x40000a0c      0x196 error_wrapper.o
                0x40000a0c                display_error(char const*, unsigned char)
 *fill*         0x40000ba2        0x2 00
 .text          0x40000ba4      0x6bc LCD.o
                0x40000eac                LCD::TestLCD()
                0x400011cc                LCD::Init()
                0x400011e8                LCD::~LCD()
                0x400010ac                LCD::Clear()
                0x40000c5c                LCD::move(struct_point)
                0x40000ccc                LCD::Home()
                0x40000f14                LCD::DrawChar(unsigned char const*, struct_point)
                0x40000e18                LCD::send_data(unsigned char const*, unsigned short)
                0x40000ba4                LCD::LCD()
                0x40000cf0                LCD::init_lcd()
                0x40000f38                LCD::DrawBarGraph(unsigned char, unsigned char)
                0x40000dbc                LCD::Invert()
                0x40000ed8                LCD::DrawChar(unsigned char const*)
                0x40000bb8                LCD::LCD()
                0x40001210                LCD::~LCD()
                0x40001238                LCD::~LCD()
                0x40000cb4                LCD::Move(struct_point)
                0x4000101c                LCD::DrawString(char*)
                0x40000bcc                LCD::send_cmd(unsigned char)
                0x400010cc                LCD::init_spi()
                0x40001068                LCD::DrawBitmap(unsigned char const*)
 .text          0x40001260      0x1f4 DA.o
                0x4000131c                DA::Lock()
                0x40001288                DA::DACOutput(float)
                0x40001274                DA::DA()
                0x4000142c                DA::~DA()
                0x400012ec                DA::Unlock()
                0x400013dc                DA::~DA()
                0x40001404                DA::~DA()
                0x40001350                DA::Init()
                0x40001260                DA::DA()
 .text          0x40001454      0x1dc AD.o
                0x40001468                AD::AD()
                0x40001534                AD::StartAD()
                0x40001608                AD::~AD()
                0x4000158c                AD::GetADResult(int)
                0x40001564                AD::ADDone()
                0x40001454                AD::AD()
                0x400015e0                AD::~AD()
                0x40001550                AD::StopAD()
                0x400015b8                AD::~AD()
                0x4000147c                AD::Init()
 .text          0x40001630       0x26 htmldata.o
                0x40001644                DoHtmlVariable(int, unsigned short)
                0x40001630                DoHtmlFunction(int, char const*, unsigned short)
 *fill*         0x40001656        0x2 00
 .text          0x40001658      0x3c4 C:\nburn/lib/MOD5441X.a(bsp.o)
                0x40001834                GetUserParameters
                0x40001790                _sbrk_r
                0x400018d4                HardwareSetup
                0x400016e0                DisableCache
                0x400017e8                spaceleft
                0x4000166c                Tick5441X
                0x400018b8                ForceReboot
                0x40001820                BspGetTickFraction
                0x40001668                xTick
                0x400017dc                atexit
                0x40001844                SaveUserParameters
                0x40001758                EnableCache
                0x40001658                CatchNullWrites
                0x40001684                SetIntc
 .text          0x40001a1c      0x268 C:\nburn/lib/MOD5441X.a(flash.o)
                0x40001aac                FlashProgram
                0x40001a1c                FlashErase
 .text          0x40001c84     0x1d06 C:\nburn/lib/MOD5441X.a(pins.o)
                0x40001c84                PinIO::set(unsigned char)
                0x40003218                PinIO::function(int)
                0x4000277c                PinIO::drive()
                0x40003928                CReadPin
                0x40002ba8                PinIO::read()
                0x4000394c                CGPInPin
 *fill*         0x4000398a        0x2 00
 .text          0x4000398c     0x28ac C:\nburn/lib/MOD5441X.a(dspi.o)
                0x40006160                real_dspi0_int_routine
                0x40005348                real_dspi2_rx_dma_int_routine
                0x400041a8                canDoDMA(unsigned char, unsigned char*, unsigned char volatile*)
                0x40004158                dspi3_int_routine
                0x40003f08                fake_dspi2_rx_dma_int_routine()
                0x40003e64                dspi1_rx_dma_int_routine
                0x4000436c                DSPIdone(unsigned char)
                0x400053e4                real_dspi0_tx_dma_int_routine
                0x4000537c                real_dspi1_tx_dma_int_routine
                0x400052ac                real_dspi3_tx_dma_int_routine
                0x40003db8                fake_dspi0_rx_dma_int_routine()
                0x40004104                dspi2_int_routine
                0x40003fb4                dspi3_rx_dma_int_routine
                0x4000398c                setupDSPI_Dma(int, dspistruct volatile&)
                0x40004100                fake_dspi2_int_routine()
                0x40004f08                DSPIInit(unsigned char, unsigned long, unsigned char, unsigned char, unsigned char, unsigned char, unsigned char, unsigned char, unsigned char, unsigned char)
                0x400040ac                fake_dspi1_int_routine()
                0x40006148                real_dspi1_int_routine
                0x40003eb4                fake_dspi1_tx_dma_int_routine()
                0x40006130                real_dspi2_int_routine
                0x40003f0c                dspi2_rx_dma_int_routine
                0x40003fb0                fake_dspi3_rx_dma_int_routine()
                0x40003e0c                fake_dspi0_tx_dma_int_routine()
                0x40005500                DSPI_Isr_cleanup(unsigned int, dspistruct volatile&, unsigned long, unsigned long)
                0x40003e60                fake_dspi1_rx_dma_int_routine()
                0x400050d4                DSPIModule::DSPIModule(unsigned char, unsigned long, unsigned char, unsigned char, unsigned char, unsigned char, unsigned char, unsigned char, unsigned char, unsigned char)
                0x400052e0                real_dspi3_rx_dma_int_routine
                0x4000423c                DSPIModule::Done(unsigned char)
                0x40004408                DSPIModule::RegisterSem(os_sem*)
                0x40003f5c                fake_dspi2_tx_dma_int_routine()
                0x40003f60                dspi2_tx_dma_int_routine
                0x40004058                fake_dspi0_int_routine()
                0x4000405c                dspi0_int_routine
                0x40004004                fake_dspi3_tx_dma_int_routine()
                0x40003eb8                dspi1_tx_dma_int_routine
                0x40005414                real_dspi0_rx_dma_int_routine
                0x40004008                dspi3_tx_dma_int_routine
                0x40004154                fake_dspi3_int_routine()
                0x40006178                DSPIStart(unsigned char, unsigned char*, unsigned char volatile*, unsigned long, os_sem*, unsigned char, int)
                0x40005584                DSPI_Isr(unsigned int, dspistruct volatile*)
                0x400040b0                dspi1_int_routine
                0x4000432c                DSPIModule::DSPIModule(unsigned char)
                0x400042ec                DSPIModule::DSPIModule(unsigned char)
                0x40005444                DSPI_Isr_done(unsigned int, dspistruct volatile&)
                0x40006118                real_dspi3_int_routine
                0x40005d78                DSPIModule::Start(unsigned char*, unsigned char volatile*, unsigned long, int)
                0x400053b0                real_dspi1_rx_dma_int_routine
                0x40003dbc                dspi0_rx_dma_int_routine
                0x40005314                real_dspi2_tx_dma_int_routine
                0x40004454                DSPIModule::EnableDMA(bool)
                0x40005030                DSPIModule::DSPIModule(unsigned char, unsigned long, unsigned char, unsigned char, unsigned char, unsigned char, unsigned char, unsigned char, unsigned char, unsigned char)
                0x40003e10                dspi0_tx_dma_int_routine
                0x400044a0                DSPIModule::Init(unsigned long, unsigned char, unsigned char, unsigned char, unsigned char, unsigned char, unsigned char, unsigned char, unsigned char)
 *fill*         0x40006238        0x8 00
 .text          0x40006240      0x44a C:\nburn/lib/NetBurner.a(ucosmcfa.o)
                0x40006320                OSDebugTraceHalt
                0x40006240                OSStartHighRdy
                0x40006330                TrapOutByte
                0x40006360                memcpy
                0x40006360                fmemcpy
                0x40006260                OSCtxSw
                0x40006350                TrapCharAvail
                0x40006290                OSIntCtxSw
                0x40006340                TrapInByte
                0x400062c0                OSTickISR
                0x40006430                memcpysum
                0x40006300                OSSetupVBR
                0x40006660                GetSR_IntLevel
                0x400065c0                memset
                0x400065c0                fmemset
                0x40006670                SetSR_IntLevel
 *fill*         0x4000668a        0x2 00
 .text          0x4000668c        0x8 C:\nburn/lib/NetBurner.a(software_init.o)
                0x4000668c                software_init_hook
 .text          0x40006694      0x320 C:\nburn/lib/NetBurner.a(ucosmcfc.o)
                0x4000697c                OSTaskCreate
                0x400069a8                TopOfStackKillfunction
                0x40006750                OSTaskCreatewName
                0x40006694                OSTCBInit
                0x400069ac                KillFunctionLink
 .text          0x400069b4     0x1e0c C:\nburn/lib/NetBurner.a(ucos.o)
                0x40008360                OSCritEnterNoWait
                0x40006a64                UCOSWAITS_HERE
                0x4000800c                OSFifoPostFirst
                0x400083d4                OSCritLeave
                0x4000816c                getpid
                0x40006c70                OSLock
                0x40007adc                OSQPostFirst
                0x400084ec                OSTaskID
                0x400078c8                OSQPendNoWait
                0x40008504                OSSetName
                0x4000852c                OSIntExit
                0x400070f4                OSSemPendNoWait
                0x40006ddc                OSTaskDelete
                0x40006c98                OSUnlock
                0x40008184                OSCritInit
                0x40007944                OSQPost
                0x400081c0                OSCritEnter
                0x40007cc8                OSFifoPend
                0x40006f54                OSSemPend
                0x400072c0                OSMboxInit
                0x400074fc                OSMboxPost
                0x40007c7c                OSFifoInit
                0x400076e0                OSQPend
                0x400069e0                OSSched
                0x40006a9c                OSTimeDly
                0x40007134                OSSemPost
                0x40006cd8                OSChangePrio
                0x40006c40                OSTCBGetFree
                0x40006a74                OSIntEnterWAS
                0x400074b4                OSMboxPendNoWait
                0x40007eac                OSFifoPost
                0x40006ef4                OSSemInit
                0x400085c8                OSStart
                0x40006b54                OSTimeTick
                0x4000766c                OSQInit
                0x40008518                OSTaskName
                0x40007e5c                OSFifoPendNoWait
                0x40007314                OSMboxPend
                0x40008644                OSInit
                0x40006b34                OSChangeTaskDly
 .text          0x400087c0      0x180 C:\nburn/lib/NetBurner.a(debugtrap.o)
                0x400088e8                SetAddressReadRangeTrap
                0x400088a8                SetAddressReadTrap
                0x400087c0                WDEBUG
                0x40008850                SetAddressWriteRangeTrap
                0x40008810                SetAddressWrittenTrap
 .text          0x40008940      0x1b8 C:\nburn/lib/NetBurner.a(ucosmain.o)
                0x40008a1c                __malloc_unlock
                0x40008940                UCosBegin
                0x40008a3c                balloc_lock
                0x40008a7c                UCosSetup
                0x40008a00                balloc_unlock
                0x40008a5c                __malloc_lock
 .text          0x40008af8      0x5f8 C:\nburn/lib/NetBurner.a(fileio.o)
                0x40008c88                ioctl
                0x40008af8                isatty
                0x40008be0                CurrentStdioFD
                0x40008c58                lseek
                0x40008b30                ReplaceStdio
                0x40008cf4                write
                0x40008b14                fstat
                0x40008e24                rawwrite
                0x40009030                stdioinbyte
                0x40008ea8                read
                0x40008c10                outbyte
                0x40008c70                open
                0x40008c28                charavail
                0x40008c04                fcntl
                0x400090a8                close
 .text          0x400090f0       0x78 C:\nburn/lib/NetBurner.a(main.o)
                0x40009128                main
                0x400090f0                __do_global_ctors
 .text          0x40009168     0x1afa C:\nburn/lib/NetBurner.a(ip.o)
                0x40009608                FixUpICMP(IPPKT*, unsigned char, unsigned char, unsigned char*, unsigned short)
                0x40009328                IsMultiCast(unsigned long)
                0x40009fa8                FixHeaderAndSend(pool_buffer*, IPPKT*)
                0x4000991c                DoIPPacket(pool_buffer*, EFRAME*, unsigned short)
                0x40009224                GetSum20
                0x4000a2a4                PingViaInterface
                0x400098bc                SaveError(pool_buffer*)
                0x40009418                GetEphemeralPort()
                0x40009c2c                process_icmp(pool_buffer*, IPPKT*, unsigned short)
                0x400094b4                IpProcessEthernetPacket
                0x40009ae0                FixHeaderAndSendViaInterface(pool_buffer*, IPPKT*, int)
                0x4000a520                ShowIPBuffer(pool_buffer*)
                0x4000a108                SendICMPError(pool_buffer*, unsigned char, unsigned char)
                0x40009720                InitializeStack(unsigned long, unsigned long, unsigned long, unsigned long)
                0x40009378                GetData(IPPKT*)
                0x40009844                InitializeCStack
                0x4000a3b4                Ping
                0x40009168                GetSum
                0x40009850                GetMultiHomeInterface(unsigned long, int)
                0x40009900                IsMyIp
                0x400096c4                IsBroadCast(unsigned long, int)
                0x40009670                KillStack
                0x400093a4                PrepareIPOutput(pool_buffer*, unsigned long, unsigned short)
                0x40009348                GetMultiAddress(unsigned long)
                0x4000a1dc                SendPing
                0x4000925c                GetSumHdr
                0x4000967c                IsLocal(unsigned long, int)
                0x4000a3e8                GetLocalIPInterface(unsigned long)
                0x4000a440                AddInterface(unsigned long, unsigned long, unsigned long, int)
                0x40009d48                IPTask(void*)
 *fill*         0x4000ac62        0x2 00
 .text          0x4000ac64      0xef8 C:\nburn/lib/NetBurner.a(buffers.o)
                0x4000ad48                FreeBufferList
                0x4000b154                fifo_buffer_storage::Full()
                0x4000b244                ShowBuffer
                0x4000b528                fifo_buffer_storage::Reset(unsigned char)
                0x4000ad78                InitBuffers
                0x4000aea4                buffer_list::InsertBefore(pool_buffer*, pool_buffer*)
                0x4000b07c                GetBuffer
                0x4000b224                fifo_buffer_storage::fifo_buffer_storage(unsigned char, unsigned char)
                0x4000b13c                fifo_buffer_storage::Empty()
                0x4000b9a0                fifo_buffer_storage::ReadDatawSum(unsigned char*, int, unsigned long&)
                0x4000b128                fifo_buffer_storage::SpaceUsed()
                0x4000ac64                ShowBuffers()
                0x4000ac90                buffer_list::InsertHead(pool_buffer*)
                0x4000b370                GetFreeCount
                0x4000ac74                IncUsageCount
                0x4000b204                fifo_buffer_storage::fifo_buffer_storage(unsigned char, unsigned char)
                0x4000ae40                buffer_list::InsertTail(pool_buffer*)
                0x4000b5e8                fifo_buffer_storage::~fifo_buffer_storage()
                0x4000b6d8                fifo_buffer_storage::SetMaxBuffers(unsigned char)
                0x4000b3e8                fifo_buffer_storage::ReadData(unsigned char*, int)
                0x4000b19c                fifo_buffer_storage::Init(unsigned char, unsigned char)
                0x4000ac6c                DumpBuffers()
                0x4000b014                buffer_list::RemoveHead()
                0x4000af8c                buffer_list::Remove(pool_buffer*)
                0x4000b0c8                buffer_list::RemoveTail()
                0x4000b5fc                fifo_buffer_storage::LongSpaceAvail()
                0x4000b768                fifo_buffer_storage::WriteData(unsigned char*, int)
                0x4000ad00                FreeBuffer
                0x4000af18                buffer_list::InsertAfter(pool_buffer*, pool_buffer*)
                0x4000b6b4                fifo_buffer_storage::SpaceAvail()
                0x4000b5d4                fifo_buffer_storage::~fifo_buffer_storage()
 .text          0x4000bb5c     0x18ae C:\nburn/lib/NetBurner.a(arp.o)
                0x4000c6bc                FindAddArp(unsigned long)
                0x4000bcc4                sendGratuitousArp(int)
                0x4000bb84                MacEqual(MACADR, MACADR)
                0x4000be80                InitializeArp()
                0x4000c4e4                FindArp(unsigned long)
                0x4000ce24                SendArp(ArpRecord*, int)
                0x4000bf28                GetInterface(unsigned long)
                0x4000ca18                AddCheckArp(MACADR*, unsigned long, int)
                0x4000bbe4                SetMac(ArpRecord*, MACADR, int)
                0x4000c640                DeleteArpFromIp(unsigned long)
                0x4000c5e8                GetArpMacFromIp(unsigned long, MACADR&)
                0x4000ce90                RouteOutVia(EFRAME*, unsigned long, pool_buffer*, int)
                0x4000cd80                GetProperInterface(unsigned long)
                0x4000c440                FreeOneArp()
                0x4000cabc                processArp(pool_buffer*, EFRAME*)
                0x4000bc88                NeedsArp(int)
                0x4000bf74                GetNextArp(ArpRecord*)
                0x4000bd94                RawSendArp(ArpRecord*, unsigned long, int)
                0x4000c34c                AgeArp()
                0x4000d0a0                RouteOut(EFRAME*, unsigned long, pool_buffer*)
                0x4000cd3c                AddStaticArp(MACADR*, unsigned long, int)
                0x4000c03c                ShowArp()
                0x4000c17c                DeleteArp(ArpRecord*)
                0x4000bfe4                GetFirstArp()
                0x4000d340                GetSrcIp
                0x4000c8a8                IsMyAddressUsedArpDetect(unsigned short, int)
                0x4000bb7c                Cleanup()
                0x4000bb5c                IsNull(ArpRecord*)
                0x4000c0d0                fShowArp(__sFILE*)
                0x4000c660                AddPending(MACADR*, unsigned long, int)
 *fill*         0x4000d40a        0x2 00
 .text          0x4000d40c     0x14f8 C:\nburn/lib/NetBurner.a(udp.o)
                0x4000dd30                UDPPacket::Send(unsigned long, unsigned char)
                0x4000d554                UDPPacket::SetDestinationPort(unsigned short)
                0x4000d618                UDPPacket::GetPacketId()
                0x4000d664                UDPPacket::GetSourceAddress()
                0x4000e544                UDPPacket::UDPPacket()
                0x4000da10                UDPPacket::AddDataByte(unsigned char)
                0x4000de48                UDPPacket::SendAndKeep(unsigned long, unsigned char)
                0x4000d688                RegisterUDPFifo(unsigned short, os_fifo*)
                0x4000da58                UDPPacket::AddData(char const*)
                0x4000d480                UDPPacket::UDPPacket(pool_buffer*)
                0x4000db74                UDPPacket::SendViaInterface(unsigned long, int, unsigned char)
                0x4000d600                UDPPacket::GetIpPacket()
                0x4000dc9c                UDPPacket::SendVia(unsigned long, unsigned long, unsigned char)
                0x4000deb8                UDPPacket::~UDPPacket()
                0x4000d40c                GetUdpFifoRec(unsigned short)
                0x4000d590                UDPPacket::GetDataBuffer()
                0x4000d750                RegisterUDPFifoWithNotify(unsigned short, os_fifo*, void (*)(os_fifo*, unsigned short))
                0x4000d4cc                UDPPacket::UDPPacket(pool_buffer*)
                0x4000d5c4                UDPPacket::GetDataSize() const
                0x4000df24                ProcessIDPacket(UDPPacket&, int)
                0x4000da34                UDPPacket::AddDataWord(unsigned short)
                0x4000e588                process_udp(pool_buffer*, IPPKT*, unsigned short)
                0x4000dae4                UDPPacket::Validate()
                0x4000d570                UDPPacket::GetDestinationPort() const
                0x4000d964                UDPPacket::AddData(unsigned char const*, unsigned short)
                0x4000d818                UnregisterUDPFifo(unsigned short)
                0x4000e844                UDPPacket::UDPPacket(os_fifo*, unsigned long)
                0x4000d5a4                UDPPacket::SetDataSize(unsigned short)
                0x4000d8e0                FixIDDataPacket(UDPPacket&, _InterfaceBlock*)
                0x4000d5ec                UDPPacket::ResetData()
                0x4000de90                UDPPacket::~UDPPacket()
                0x4000e8a4                UDPPacket::UDPPacket(os_fifo*, unsigned long)
                0x4000dcdc                UDPPacket::SendAndKeepVia(unsigned long, unsigned long, unsigned char)
                0x4000da88                RegisterEphemeralFifo(os_fifo*)
                0x4000d518                UDPPacket::SetSourcePort(unsigned short)
                0x4000d534                UDPPacket::GetSourcePort() const
                0x4000d93c                FixIDDataPacket(UDPPacket&, int)
                0x4000dee0                UDPPacket::UDPPacket()
                0x4000d640                UDPPacket::GetDestinationAddress()
 .text          0x4000e904     0x54f8 C:\nburn/lib/NetBurner.a(tcp.o)
                0x40010078                SendTcpRst(IPPKT*)
                0x4000efac                GetTcpState(int)
                0x400103d0                InitTCP()
                0x400125bc                listenvia(unsigned long, unsigned short, unsigned char, unsigned long)
                0x40012d7c                _Socket_Private_read
                0x4000ef30                ShortSocketList::ShortSocketList()
                0x4000f014                SetOutOfOrderbuffers(int, unsigned char)
                0x4000eb9c                GetSocketRemotePort(int)
                0x40010c08                GetTcpSocket(TCPPKT*, unsigned long, int)
                0x4000f7e0                socket_struct::MyAdvertisedWindow()
                0x4000f674                SetSocketTxBuffers(int, int)
                0x4000ecb8                setsockoption(int, int)
                0x4000fb2c                TcpSend(socket_struct*, unsigned long, pool_buffer*, unsigned short, unsigned char)
                0x40012268                TCPTimerTask(void*)
                0x40013ccc                process_tcp(pool_buffer*, IPPKT*, unsigned short)
                0x4001106c                socket_struct::ProcessRST()
                0x400128b4                NoBlockconnectvia(unsigned long, unsigned short, unsigned short, unsigned long)
                0x4000f058                TcpGetLastRxTime(int)
                0x4001239c                abortsocket
                0x40013448                socket_struct::ProcessDataSegment(TCPPKT*, unsigned short, unsigned char*, pool_buffer*&)
                0x4001270c                connectvia(unsigned long, unsigned short, unsigned short, unsigned long, unsigned long)
                0x400109c4                HashSocketList::RemoveSocket(socket_struct*) const
                0x40012980                _Socket_Private_write
                0x4000ecf4                getsockoption(int)
                0x40011d54                socket_struct::ProcessAck(TCPPKT*)
                0x40013168                socket_struct::SaveData(unsigned char*, unsigned short, unsigned char)
                0x400106b0                GetTcpRtxCount(int)
                0x4000ea84                fixoverlap(unsigned long, unsigned long, unsigned long&, unsigned long&)
                0x40010350                socket_struct::SetTimer(unsigned long)
                0x4001288c                connect(unsigned long, unsigned short, unsigned short, unsigned long)
                0x4000ed88                HashSocketList::HashSocketList()
                0x40012904                NoBlockConnect(unsigned long, unsigned short, unsigned short, unsigned long)
                0x4000f2f0                TcpGetRxBufferSpaceUsed(int)
                0x400112ac                socket_struct::DoRawSend()
                0x4000f330                ShowFdTcpSocket(int)
                0x4000f5f8                socket_struct::ClearPending(int)
                0x40010728                ShortSocketList::findsocket(unsigned short, unsigned short, unsigned long) const
                0x40012804                connect(unsigned long, unsigned short, unsigned short, unsigned long, unsigned long)
                0x4001063c                TcpSendKeepAlive(int)
                0x4000eb00                getsocketerror(int)
                0x4000ed70                EnableTcpDebug(unsigned short)
                0x40012174                socket_struct::ProcessTimer()
                0x40011188                socket_struct::SetUpNextRetransmit()
                0x4000ed80                HashSocketList::HashSocketList()
                0x4000f2b0                TcpGetTxBufferAvailSpace(int)
                0x40012ba4                SockReadWithTimeout
                0x400105d0                GetFreeSocketCount()
                0x40012000                socket_struct::ProcessFIN(TCPPKT*, unsigned short)
                0x4000f858                FixHeaderAndSendTcp(pool_buffer*, IPPKT*, socket_struct*)
                0x4000ed28                setsocketackbuffers(int, unsigned char)
                0x4000ec98                socket_struct::CleanUpDeletedListener()
                0x4000f964                TcpSendwSum(socket_struct*, unsigned long, pool_buffer*, unsigned short, unsigned char, unsigned long)
                0x40010cc8                socket_struct::DoCleanup()
                0x40013258                socket_struct::TestOutofOrder()
                0x4000f0c8                TcpGetLastRxInterval(int)
                0x4000e904                GetFirstSeq()
                0x400102bc                FREESOCKET(socket_struct*)
                0x40010ea8                ShortSocketList::AddSocket(socket_struct*)
                0x40011968                socket_struct::DoRetransmit(unsigned char)
                0x4000ef70                ShortSocketList::Init()
                0x400107cc                ShortSocketList::processTick()
                0x40011a84                socket_struct::CoreConnect(unsigned long, unsigned short, unsigned short, unsigned long)
                0x40012d98                _Socket_Private_close
                0x40012eac                accept(int, unsigned long*, unsigned short*, unsigned short)
                0x4000ef50                ShortSocketList::ShortSocketList()
                0x4000f6b8                SetSocketRxBuffers(int, int)
                0x400126e8                listen(unsigned long, unsigned short, unsigned char)
                0x4000ed90                HashSocketList::Init() const
                0x4000eda8                ShortSocketList::GetFreeShort()
                0x4000eb68                GetSocketRemoteAddr(int)
                0x40010b30                HashSocketList::findsocket(unsigned short, unsigned short, unsigned long) const
                0x4000f244                WaitForSocketFlush(int, unsigned long)
                0x4000ed78                DumpTcpPacket(IPPKT*)
                0x40010fb0                RemoveFromUserCloseList(socket_struct*)
                0x4000e948                ValidateTCP(IPPKT*, unsigned short)
                0x4001087c                ShortSocketList::process(pool_buffer*, TCPPKT*, unsigned long) const
                0x4000e934                socket_struct::SetState(int)
                0x4000f6fc                socket_struct::processoptions(pool_buffer*, TCPPKT*, IPPKT*)
                0x40011664                socket_struct::DoClose(int)
                0x400124d0                GetFreeSocket()
                0x4000ebd0                GetSocketLocalPort(int)
                0x40010a7c                HashSocketList::AddSocket(socket_struct*) const
                0x4000eef0                ShortSocketList::FreeShort(ShortSocket*) const
                0x4000ec04                socket_struct::CalcRTO(unsigned long)
                0x40010020                socket_struct::OpenWindow()
                0x4001018c                SendTcpSynRst(IPPKT*)
                0x4000f1f4                TcpAllDataAcked(int)
                0x400115e4                clrsockoption(int, int)
                0x4000f08c                TcpGetSocketState(int)
                0x4000ed68                DumpTcpDebug()
                0x4000eb34                GetSocketLocalAddr(int)
                0x40013604                socket_struct::process(pool_buffer*, TCPPKT*)
                0x4000ea24                FindListenSocket(unsigned short, unsigned long, int)
                0x4000efe4                RegisterTCPReadNotify
                0x4000fbbc                socket_struct::SendState(unsigned short, pool_buffer*)
 .text          0x40013dfc      0x552 C:\nburn/lib/NetBurner.a(http.o)
                0x40013dfc                StartHTTP
                0x40013f34                HttpMain(void*)
                0x40013e40                processHttpRequest(char**, char*, char*, int, HTTP_Request&)
 *fill*         0x4001434e        0x2 00
 .text          0x40014350      0xf48 C:\nburn/lib/NetBurner.a(httpinternal.o)
                0x40014388                SetNewPostHandler
                0x40014b74                BaseDoGet
                0x400143e8                SetNewMultiPartHandler
                0x40014868                SendHTMLHeader
                0x40014358                append(char*&, char*)
                0x40014400                SetNewMultiPartExtractHandler
                0x40014ca8                HTTP_Request::Respond(int)
                0x40014a10                writesafestring
                0x40014b20                ShowIPOnFd(int, unsigned long)
                0x400147a8                SendGifHeader
                0x400147c4                SendTextHeader
                0x400147e0                BaseDoHead
                0x400145fc                BadRequestResponse(int, char const*, char const*)
                0x4001470c                NotFoundResponse
                0x4001437c                BaseDoPost
                0x40014418                SetNewErrorHandler
                0x40014468                ExtractPostData
                0x40014760                RedirectResponse
                0x40014e18                HTTP_Request::ProcessLine(char*)
                0x400143b8                SetNewGetHandler
                0x40014350                StopHTTP
                0x400146b8                ForbiddenResponse
                0x40014430                InitHttp()
                0x400143d0                SetNewHeadHandler
                0x400148f8                writeallsafestring
                0x400143a0                SetNewWSHandler
                0x40014c5c                SendHTMLHeaderWCookie
                0x40014884                BaseInterfaceOK(int, HTML_FILE_RECORD*)
                0x40014664                NotAvailableResponse(int, char const*)
 .text          0x40015298       0x62 C:\nburn/lib/NetBurner.a(httpstricmp.o)
                0x40015298                httpstricmp
 *fill*         0x400152fa        0x2 00
 .text          0x400152fc      0x6e4 C:\nburn/lib/NetBurner.a(htmldecomp.o)
                0x400153a0                SendHtml(int, char*, int, char const*)
                0x40015678                SendData(HTML_FILE_RECORD*, int, char const*)
                0x40015738                GetRecordFromName(char*)
                0x400152fc                SendHeader(int, char const*, unsigned long)
                0x40015900                SendFullResponse(char*, int)
                0x400157b8                SendFileFragment(char*, int, char const*)
                0x40015394                SendCompressed(int, char*, int)
                0x40015828                SendHeaderResponse(char*, int)
                0x40015378                SendXMLHeader(int)
 .text          0x400159e0      0x69e C:\nburn/lib/NetBurner.a(iosys.o)
                0x40015e1c                SetDataAvail
                0x40015cbc                writeall
                0x40015d1c                RawCheckSelects()
                0x40015dc8                SetHaveError
                0x40015e58                RemoveSelect(PendingSelect*)
                0x40015de0                SetWriteAvail
                0x40015bac                ZeroWaitSelect
                0x40015ed8                AddSelect(PendingSelect*)
                0x40015b00                FD_ISSET
                0x40015aa8                ClrDataAvail
                0x40015f30                select
                0x40015a90                ClrWriteAvail
                0x40015d94                CheckSelects()
                0x40015c60                writestring
                0x40015b70                countbits(fd_set*)
                0x400159e0                FD_OVERLAP(fd_set*, fd_set*)
                0x40015c30                dataavail
                0x40015a1c                FD_ZERO
                0x40015ac0                FD_SET
                0x40015a78                ClrHaveError
                0x40015b4c                countdwbits(unsigned long)
                0x40015fd0                ReadWithTimeout
                0x40015a34                FD_CLR
 *fill*         0x4001607e        0x2 00
 .text          0x40016080      0x71c C:\nburn/lib/NetBurner.a(autoip.o)
                0x400162bc                AutoIPClient::AutoIPClient(int)
                0x4001619c                AutoIPClient::stop()
                0x400165e8                AutoIPClient::arpCheck()
                0x4001610c                AutoIPClient::getNextTick()
                0x40016444                AutoIPClient::announce()
                0x400160c0                AutoIPClient::addressCollision()
                0x400160fc                AutoIPClient::getState()
                0x40016520                AutoIPClient::startArp()
                0x40016744                AutoIPClient::staticTimeTick()
                0x40016080                AutoIPClient::start()
                0x40016338                AutoIPClient::AutoIPClient(int)
                0x4001611c                AutoIPClient::tickDelay(int)
                0x40016144                AutoIPClient::negotiate()
                0x40016488                AutoIPClient::setRNG()
                0x40016258                AutoIPClient::~AutoIPClient()
                0x400166d4                AutoIPClient::timeTick()
                0x400161d4                AutoIPClient::restart()
                0x400163b4                AddAutoIPInterface(int)
                0x400161f4                AutoIPClient::~AutoIPClient()
                0x400164e4                AutoIPClient::generateNewIPAddr()
 .text          0x4001679c      0x4b2 C:\nburn/lib/NetBurner.a(netinterface.o)
                0x40016b80                InitializeNetwork(void (*)(pool_buffer*, EFRAME*, unsigned short), void (*)(pool_buffer*, EFRAME*))
                0x40016854                InterfaceIP(int)
                0x40016948                GetEframe(pool_buffer*)
                0x40016b20                SaveIfConfig(ConfigRecord*, int)
                0x40016a14                RegisterMultiHomeInterface(_InterfaceBlock*)
                0x4001679c                GetFirstInterface()
                0x40016b50                GetIfConfig(int)
                0x40016904                InterfaceMAC(int)
                0x40016800                GetInterFaceBlock(int)
                0x40016880                InterfaceDNS(int)
                0x400168ac                InterfaceMASK(int)
                0x400167bc                GetnextInterface(int)
                0x40016bec                TransmitBuffer(pool_buffer*, int)
                0x400169b4                DisableMulticast(MACADR, int)
                0x40016a7c                RegisterInterface(_InterfaceBlock*)
                0x4001695c                EnableMulticast(MACADR, int)
                0x40016aec                Removeinterface(int)
                0x40016a0c                StopNetworks()
                0x4001682c                GetInterfaceNumber(_InterfaceBlock*)
                0x400168d8                InterfaceGate(int)
 *fill*         0x40016c4e        0x2 00
 .text          0x40016c50      0x5c8 C:\nburn/lib/NetBurner.a(taskmon.o)
                0x40017158                ProcessTaskPacket(UDPPacket&, int)
                0x40016c50                EnableTaskMonitor()
                0x40016c64                BufferDumpTCBState(os_tcb*)
 .text          0x40017218     0x131e C:\nburn/lib/NetBurner.a(smarttrap.o)
                0x4001724c                EnableSmartTraps()
                0x4001732c                WalkStack(os_tcb*, unsigned long, unsigned long)
                0x4001780c                smart_trap_asm
                0x4001762c                Local_OutTCBState(os_tcb*, unsigned long, unsigned long)
                0x40017218                SafeRead(unsigned long)
                0x40017268                Local_OutHex(unsigned long, int)
                0x40017804                Smart_Trap_Holder()
                0x400172fc                Local_OutString(char const*)
                0x400173a8                Local_ShowTaskName(os_tcb volatile*)
 *fill*         0x40018536        0x2 00
 .text          0x40018538      0x538 C:\nburn/lib/NetBurner.a(autoupdate.o)
                0x400189c0                ProcessAutoUpdatePacket(UDPPacket&)
                0x400186f4                DoData(UDPPacket&)
                0x40018538                EnableAutoUpdate
                0x4001854c                DoReboot()
                0x4001857c                DoExecute(UDPPacket&, int)
                0x400187e4                DoStart(UDPPacket&)
 .text          0x40018a70       0x52 C:\nburn/lib/NetBurner.a(device.o)
                0x40018a90                DeviceInitializeSem
                0x40018a70                DeviceGetQspiSem()
                0x40018a80                DeviceGetI2cSem()
 *fill*         0x40018ac2        0x2 00
 .text          0x40018ac4     0x1c74 C:\nburn/lib/NetBurner.a(nbiprintf.o)
                0x40018b48                decimallenull(unsigned long long)
                0x40018fbc                Put20Chars(void*, int (*)(void*, char const*, int), int, char const*)
                0x4001914c                NormalGetNextParamFunction(void*)
                0x40018ac4                decimallen(unsigned long)
                0x4001901c                prespace(int, unsigned long, int, int (*)(void*, char const*, int), void*, int&)
                0x4001a6ec                NB_internal_iprintf(int (*)(void*, char const*, int), void*, unsigned long*)
                0x400190cc                leadzero(int, unsigned long, int, int (*)(void*, char const*, int), void*, int&)
                0x4001a71c                putchars(void*, char const*, int)
                0x40019074                postspace(int, unsigned long, int, int (*)(void*, char const*, int), void*, int&)
                0x40018d48                octlen(unsigned long)
                0x40018ddc                binlen(unsigned long)
                0x4001911c                FillHex(char*, unsigned long)
                0x400195c0                NB_internal_iprintf_ind(int (*)(void*, char const*, int), void*, unsigned long (*)(void*), void*)
                0x4001a708                iprintf
                0x400193cc                CoreDec(unsigned long, int (*)(void*, char const*, int), void*, pfstate&)
                0x40018d04                hexlenull(unsigned long long)
                0x40019160                CoreLongLongDec(unsigned long long, int (*)(void*, char const*, int), void*, pfstate&)
                0x40018c98                hexlen(unsigned long)
 .text          0x4001a738       0xe2 C:\nburn/lib/NetBurner.a(nbsiprintf.o)
                0x4001a738                sniprintf
                0x4001a7a4                putstrchars(void*, char const*, int)
                0x4001a770                siprintf
 *fill*         0x4001a81a        0x2 00
 .text          0x4001a81c        0x0 C:\nburn/lib/NetBurner.a(websocket_handler.o)
 .text          0x4001a81c      0x6a0 C:\nburn/lib/NetBurner.a(system.o)
                0x4001abb4                UpdateConfigRecord_Num
                0x4001a870                RawGetConfig
                0x4001a81c                isvalidcr
                0x4001ad78                SetupDialog
                0x4001a92c                ReadLine
                0x4001ad64                UpdateConfigRecord
                0x4001a89c                GetValidConfig
                0x4001ab00                IpQuestion
                0x4001a8c4                ShowChange
 .text          0x4001aebc      0xd08 C:\nburn/lib/NetBurner.a(utils.o)
                0x4001b92c                fShowMac
                0x4001b130                FancyDump(unsigned char*, int)
                0x4001ba60                ShowCounters
                0x4001af5c                ValidIPv4
                0x4001b078                convertHexAsciiToBinary
                0x4001b2f0                ShowData
                0x4001b988                snShowIP
                0x4001aebc                kill
                0x4001bac8                fShowCounters
                0x4001b8ec                fShowIP
                0x4001aecc                _fini
                0x4001b25c                ShowIP
                0x4001aed8                AsciiToIp
                0x4001bb40                sShowCounters
                0x4001ba2c                DiagMenuPicker(int, unsigned char)
                0x4001b298                ShowMac
                0x4001afe0                convertBinaryToHexAscii
                0x4001b118                __builtin_delete
                0x4001aec4                _exit
                0x4001b9cc                snShowMac
 .text          0x4001bbc4      0x2b0 C:\nburn/lib/NetBurner.a(extraio.o)
                0x4001bbf4                ExpandWrite(int, char const*, int)
                0x4001be04                GetExtraInterface
                0x4001bc90                GetExtraFDwIntf
                0x4001bc24                ExpandClose(int)
                0x4001bc54                InitExtras()
                0x4001bd3c                GetExtraFD
                0x4001bbc4                ExpandRead(int, char*, int)
                0x4001be38                GetFreeExtraFDCount
                0x4001bd54                FreeExtraFd
                0x4001bd98                GetExtraData
                0x4001bdcc                GetExtraExtraData
 .text          0x4001be74       0x26 C:\nburn/lib/NetBurner.a(new_ops.o)
                0x4001be74                operator new(unsigned long)
 *fill*         0x4001be9a        0x2 00
 .text          0x4001be9c       0xbc C:\nburn/lib/MOD5441X.a(localio.o)
                0x4001be9c                GetUartRecord
                0x4001bee0                GetDefUart
                0x4001bef4                LocalInByte
                0x4001bf10                LocalOutByte
                0x4001bf44                LocalCharAvail
 .text          0x4001bf58     0x2202 C:\nburn/lib/MOD5441X.a(serial.o)
                0x4001bf84                WakeTx(int)
                0x4001bf58                FdSerialMap(int)
                0x4001d2a0                SerialClose
                0x4001c574                fake_SER_7_ISR()
                0x4001e05c                real_SER_5_ISR
                0x4001d22c                SendBreak
                0x4001da64                OpenSerial
                0x4001cd64                GetUartErrorReg
                0x4001c2e8                fake_SER_0_ISR()
                0x4001c5cc                SER_8_ISR
                0x4001c390                real_SER_1_ISR
                0x4001e09c                real_SER_4_ISR
                0x4001cfac                fShowSerialData(__sFILE*)
                0x4001df9c                real_SER_8_ISR
                0x4001c4cc                fake_SER_5_ISR()
                0x4001c524                SER_6_ISR
                0x4001c3d0                fake_SER_2_ISR()
                0x4001cedc                SerialSendComplete
                0x4001c670                SerialEnableTxFlow
                0x4001c6b8                SerialEnableRxFlow
                0x4001dfdc                real_SER_7_ISR
                0x4001c018                DoSerIsr(int)
                0x4001cac8                Serial485HalfDupMode
                0x4001e0dc                real_SER_3_ISR
                0x4001c620                SER_9_ISR
                0x4001c428                SER_3_ISR
                0x4001c61c                fake_SER_9_ISR()
                0x4001c4d0                SER_5_ISR
                0x4001df20                real_SER_0_ISR
                0x4001c8f4                SerialEnableHwRxFlow
                0x4001d580                serread
                0x4001d8a0                BasePutChar(int, unsigned char)
                0x4001d59c                BaseGetChar(int)
                0x4001e11c                real_SER_2_ISR
                0x4001c47c                SER_4_ISR
                0x4001c340                SER_1_ISR
                0x4001d394                serreadwto
                0x4001d9c4                InitializeMaps()
                0x4001c2ec                SER_0_ISR
                0x4001d7a4                serwriteaddress
                0x4001c578                SER_7_ISR
                0x4001df5c                real_SER_9_ISR
                0x4001d65c                serwrite
                0x4001cf5c                SerialExpandRxBuffer(int, int)
                0x4001d370                serexternalclose
                0x4001c520                fake_SER_6_ISR()
                0x4001c3d4                SER_2_ISR
                0x4001c478                fake_SER_4_ISR()
                0x4001c5c8                fake_SER_8_ISR()
                0x4001c33c                fake_SER_1_ISR()
                0x4001c424                fake_SER_3_ISR()
                0x4001e01c                real_SER_6_ISR
                0x4001c704                SerialEnableHwTxFlow
 *fill*         0x4001e15a        0x2 00
 .text          0x4001e15c     0x2662 C:\nburn/lib/MOD5441X.a(ethernet.o)
                0x4001f4d0                AddEthernetInterface()
                0x4001e470                StopEnet0()
                0x4001fb44                EthernetVars::EthTransmitBuffer(pool_buffer*)
                0x4001e5cc                EtherLink()
                0x4001ff4c                real_txenetisr0
                0x400204b0                real_txenetisr1
                0x4001fd00                EthernetVars::TxIsrProc(unsigned long volatile&, unsigned long, unsigned long)
                0x4001e25c                txenetisr1
                0x4001e54c                EtherSpeed100()
                0x4001e670                EthernetVars::SetPromiscuous(unsigned char)
                0x4001f1c4                EthernetVars::InitializeEthernet(int, int, MACADR&)
                0x4001e41c                EthernetVars::StopEnet()
                0x4001e60c                EtherLink0()
                0x4001fce8                EthTransmitBuffer0(pool_buffer*)
                0x40020230                EthernetVars::ProcessRxBuffer(pool_buffer*)
                0x4001ff80                EthernetVars::RxIsrProc(unsigned long volatile&, unsigned long, unsigned long)
                0x400201c8                real_rxenetisr1
                0x4001e338                EthernetVars::GetMII(unsigned char)
                0x4001ec44                EthernetVars::ResetEnet()
                0x4001e160                rxenetisr0
                0x4001e3f0                EthernetVars::SetMII(unsigned char, unsigned short)
                0x4001e1b4                txenetisr0
                0x4001e35c                EthernetVars::SetMII(unsigned char, unsigned char, unsigned short)
                0x4001e73c                EthernetVars::ResetEnetPart2()
                0x4001f804                EnablePHY()
                0x4001f748                EthernetVars::EnablePHY()
                0x4001f6a0                EthernetVars::ManualEthernetConfig(unsigned char, unsigned char, unsigned char)
                0x4001e484                EthernetVars::DisablePHY()
                0x4001e6f0                EthMultifunc0(MACADR, unsigned char)
                0x40020448                real_rxenetisr0
                0x4001e6b0                SetPromiscuous(unsigned char)
                0x4001e2ac                EthernetVars::GetMII(unsigned char, unsigned char)
                0x4001e1b0                fake_txenetisr0()
                0x4001f818                EthernetVars::ProcessDuplexStatus(unsigned short)
                0x4001e538                DisablePHY()
                0x4001f718                ManualEthernetConfig(unsigned char, unsigned char, unsigned char)
                0x4001f5f4                EthernetVars::WarmEnetReset()
                0x40020518                Ether_ProcessTask(void*)
                0x4001e58c                EtherDuplex()
                0x4001e258                fake_txenetisr1()
                0x4001e204                fake_rxenetisr1()
                0x4001e15c                fake_rxenetisr0()
                0x4001e208                rxenetisr1
 *fill*         0x400207be        0x2 00
 .text          0x400207c0      0xc80 C:\nburn/lib/MOD5441X.a(etherprint.o)
                0x40020bb0                EthernetVars::ShowLinkStatus()
                0x4002142c                denet()
                0x400207fc                ShowESWRegisters()
                0x40020c84                EthernetVars::ShowMII(unsigned char, unsigned char, char const*, unsigned short)
                0x40020fa8                EthernetVars::ShowFECRegisters()
                0x40020cf4                EthernetVars::ShowPhyterMII()
                0x400207d4                EthernetVars::EtherSpeed100()
                0x400207c0                EthernetVars::EtherLink()
                0x400207e8                EthernetVars::EtherDuplex()
                0x40021418                dEnet()
                0x400213d4                DoDumpEnet
                0x40020b24                showbinary(unsigned short, unsigned short)
 .text          0x40021440      0x35a C:\nburn/lib/MOD5441X.a(emulticast.o)
                0x400215e8                EthernetVars::EthEnableMulticast(MACADR)
                0x40021440                GetMultiCastCRC(MACADR)
                0x40021480                EthernetVars::EthDisableMulticast(MACADR)
 *fill*         0x4002179a        0x2 00
 .text          0x4002179c      0x2b6 C:\nburn/lib/MOD5441X.a(ether2nd.o)
                0x40021a0c                EtherLink1()
                0x40021a3c                StopEnet1()
                0x400219dc                EthTransmitBuffer1(pool_buffer*)
                0x4002179c                Add2ndEthernet()
                0x40021990                EthMultifunc1(MACADR, unsigned char)
 *fill*         0x40021a52        0x2 00
 .text          0x40021a54      0x6f4 C:\nburn/lib/MOD5441X.a(etherswitch.o)
                0x40021e3c                eswlrnisr
                0x40021e38                fake_eswlrnisr()
                0x40021a84                SetMacEntry(unsigned long, unsigned long, unsigned long)
                0x40021d90                fake_rxeswitchisr()
                0x40021b40                UpdateMacTable(bool, long, unsigned char*, unsigned int, unsigned int)
                0x400220a0                real_txeswitchisr
                0x40021af0                crc8_calc(unsigned char*)
                0x40021ab0                ClearMacTable()
                0x40021d94                rxeswitchisr
                0x40021e8c                real_eswlrnisr
                0x40021de4                fake_txeswitchisr()
                0x40021f14                EtherSwitchInit()
                0x40021de8                txeswitchisr
                0x40021d0c                InitMacTable()
                0x40021a54                GetMacEntry(unsigned long, unsigned long*, unsigned long*)
                0x400220f4                real_rxeswitchisr
 .text          0x40022148        0x0 C:\nburn/lib/MOD5441X.a(weak_autoenet_var.o)
 .text          0x40022148      0x1f2 C:\nburn/lib/NetBurner.a(netrx.o)
                0x40022148                NetDoRX(pool_buffer*, unsigned short, int)
 *fill*         0x4002233a        0x2 00
 .text          0x4002233c      0x172 C:\nburn/lib/NetBurner.a(multiconfig.o)
                0x4002233c                SetupIFConfigRec(_InterfaceBlock&)
 *fill*         0x400224ae        0x2 00
 .text          0x400224b0        0x0 c:/nburn/gcc-m68k/bin/../lib/gcc/m68k-elf/4.2.1/../../../../m68k-elf/lib/m5206e\libstdc++.a(del_op.o)
 .text          0x400224b0      0xba0 c:/nburn/gcc-m68k/bin/../lib/gcc/m68k-elf/4.2.1/m5206e\libgcc.a(_double.o)
                0x40022fae                __cmpdf2
                0x40022510                __adddf3
                0x40022e78                __negdf2
                0x40022b88                __divdf3
                0x40022ed6                __cmpdf2_internal
                0x400229ac                __muldf3
                0x4002250a                __subdf3
 .text          0x40023050       0x74 c:/nburn/gcc-m68k/bin/../lib/gcc/m68k-elf/4.2.1/m5206e\libgcc.a(_floatex.o)
                0x4002305c                $_exception_handler
                0x40023050                __clear_sticky_bit
 .text          0x400230c4       0x7a c:/nburn/gcc-m68k/bin/../lib/gcc/m68k-elf/4.2.1/m5206e\libgcc.a(_fixunsdfsi.o)
                0x400230c4                __fixunsdfsi
 *fill*         0x4002313e        0x2 00
 .text          0x40023140      0x4f6 c:/nburn/gcc-m68k/bin/../lib/gcc/m68k-elf/4.2.1/m5206e\libgcc.a(_udivdi3.o)
                0x40023140                __udivdi3
 *fill*         0x40023636        0x2 00
 .text          0x40023638      0x4f8 c:/nburn/gcc-m68k/bin/../lib/gcc/m68k-elf/4.2.1/m5206e\libgcc.a(_umoddi3.o)
                0x40023638                __umoddi3
 .text          0x40023b30      0x49a c:/nburn/gcc-m68k/bin/../lib/gcc/m68k-elf/4.2.1/m5206e\libgcc.a(fpgnulib.o)
                0x40023fb0                __fixsfsi
                0x40023c98                __floatsidf
                0x40023d6e                __extendsfdf2
                0x40023c26                __floatunsidf
                0x40023f30                __fixdfsi
                0x40023d54                __floatsisf
                0x40023e08                __truncdfsf2
                0x40023b30                __unordsf2
                0x40023d3a                __floatunsisf
                0x40023b92                __unorddf2
 *fill*         0x40023fca        0x2 00
 .text          0x40023fcc       0x22 c:/nburn/gcc-m68k/bin/../lib/gcc/m68k-elf/4.2.1/m5206e\libgcc.a(_gedf2.o)
                0x40023fcc                __gedf2
 *fill*         0x40023fee        0x2 00
 .text          0x40023ff0        0x0 c:/nburn/gcc-m68k/bin/../lib/gcc/m68k-elf/4.2.1/m5206e\libgcc.a(_clz.o)
 .text          0x40023ff0       0x34 c:/nburn/gcc-m68k/bin/../lib/gcc/m68k-elf/4.2.1/../../../../m68k-elf/lib/m5206e\libc.a(lib_a-atoi.o)
                0x40023ff0                _atoi_r
                0x4002400c                atoi
 .text          0x40024024       0x64 c:/nburn/gcc-m68k/bin/../lib/gcc/m68k-elf/4.2.1/../../../../m68k-elf/lib/m5206e\libc.a(lib_a-bsearch.o)
                0x40024024                bsearch
 .text          0x40024088       0x1e c:/nburn/gcc-m68k/bin/../lib/gcc/m68k-elf/4.2.1/../../../../m68k-elf/lib/m5206e\libc.a(lib_a-cxa_atexit.o)
                0x40024088                __cxa_atexit
 *fill*         0x400240a6        0x2 00
 .text          0x400240a8        0xe c:/nburn/gcc-m68k/bin/../lib/gcc/m68k-elf/4.2.1/../../../../m68k-elf/lib/m5206e\libc.a(lib_a-errno.o)
                0x400240a8                __errno
 *fill*         0x400240b6        0x2 00
 .text          0x400240b8       0x24 c:/nburn/gcc-m68k/bin/../lib/gcc/m68k-elf/4.2.1/../../../../m68k-elf/lib/m5206e\libc.a(lib_a-fiprintf.o)
                0x400240b8                fiprintf
 .text          0x400240dc        0x0 c:/nburn/gcc-m68k/bin/../lib/gcc/m68k-elf/4.2.1/../../../../m68k-elf/lib/m5206e\libc.a(lib_a-impure.o)
 .text          0x400240dc       0x1c c:/nburn/gcc-m68k/bin/../lib/gcc/m68k-elf/4.2.1/../../../../m68k-elf/lib/m5206e\libc.a(lib_a-isspace.o)
                0x400240dc                isspace
 .text          0x400240f8       0x32 c:/nburn/gcc-m68k/bin/../lib/gcc/m68k-elf/4.2.1/../../../../m68k-elf/lib/m5206e\libc.a(lib_a-malloc.o)
                0x40024112                malloc
                0x400240f8                free
 *fill*         0x4002412a        0x2 00
 .text          0x4002412c      0x78c c:/nburn/gcc-m68k/bin/../lib/gcc/m68k-elf/4.2.1/../../../../m68k-elf/lib/m5206e\libc.a(lib_a-mallocr.o)
                0x4002412c                _malloc_r
 .text          0x400248b8       0x8a c:/nburn/gcc-m68k/bin/../lib/gcc/m68k-elf/4.2.1/../../../../m68k-elf/lib/m5206e\libc.a(lib_a-puts.o)
                0x400248b8                _puts_r
                0x4002492c                puts
 *fill*         0x40024942        0x2 00
 .text          0x40024944       0x6a c:/nburn/gcc-m68k/bin/../lib/gcc/m68k-elf/4.2.1/../../../../m68k-elf/lib/m5206e\libc.a(lib_a-rand.o)
                0x4002495c                rand
                0x40024944                srand
 *fill*         0x400249ae        0x2 00
 .text          0x400249b0       0x4e c:/nburn/gcc-m68k/bin/../lib/gcc/m68k-elf/4.2.1/../../../../m68k-elf/lib/m5206e\libc.a(lib_a-rget.o)
                0x400249ea                __srget
                0x400249b0                __srget_r
 *fill*         0x400249fe        0x2 00
 .text          0x40024a00      0x1ee c:/nburn/gcc-m68k/bin/../lib/gcc/m68k-elf/4.2.1/../../../../m68k-elf/lib/m5206e\libc.a(lib_a-setvbuf.o)
                0x40024a00                setvbuf
 *fill*         0x40024bee        0x2 00
 .text          0x40024bf0       0x92 c:/nburn/gcc-m68k/bin/../lib/gcc/m68k-elf/4.2.1/../../../../m68k-elf/lib/m5206e\libc.a(lib_a-strcasecmp.o)
                0x40024bf0                strcasecmp
 *fill*         0x40024c82        0x2 00
 .text          0x40024c84       0x1a c:/nburn/gcc-m68k/bin/../lib/gcc/m68k-elf/4.2.1/../../../../m68k-elf/lib/m5206e\libc.a(lib_a-strlen.o)
                0x40024c84                strlen
 *fill*         0x40024c9e        0x2 00
 .text          0x40024ca0       0x46 c:/nburn/gcc-m68k/bin/../lib/gcc/m68k-elf/4.2.1/../../../../m68k-elf/lib/m5206e\libc.a(lib_a-strstr.o)
                0x40024ca0                strstr
 *fill*         0x40024ce6        0x2 00
 .text          0x40024ce8      0x18a c:/nburn/gcc-m68k/bin/../lib/gcc/m68k-elf/4.2.1/../../../../m68k-elf/lib/m5206e\libc.a(lib_a-strtol.o)
                0x40024e54                strtol
                0x40024ce8                _strtol_r
 *fill*         0x40024e72        0x2 00
 .text          0x40024e74       0x26 c:/nburn/gcc-m68k/bin/../lib/gcc/m68k-elf/4.2.1/../../../../m68k-elf/lib/m5206e\libc.a(lib_a-toupper.o)
                0x40024e74                toupper
 *fill*         0x40024e9a        0x2 00
 .text          0x40024e9c     0x1280 c:/nburn/gcc-m68k/bin/../lib/gcc/m68k-elf/4.2.1/../../../../m68k-elf/lib/m5206e\libc.a(lib_a-vfiprintf.o)
                0x400260fe                vfiprintf
                0x40024ee0                _vfiprintf_r
 .text          0x4002611c      0x124 c:/nburn/gcc-m68k/bin/../lib/gcc/m68k-elf/4.2.1/../../../../m68k-elf/lib/m5206e\libc.a(lib_a-wbuf.o)
                0x4002611c                __swbuf_r
                0x40026226                __swbuf
 .text          0x40026240       0x7c c:/nburn/gcc-m68k/bin/../lib/gcc/m68k-elf/4.2.1/../../../../m68k-elf/lib/m5206e\libc.a(lib_a-wcrtomb.o)
                0x40026240                _wcrtomb_r
                0x400262a0                wcrtomb
 .text          0x400262bc      0x130 c:/nburn/gcc-m68k/bin/../lib/gcc/m68k-elf/4.2.1/../../../../m68k-elf/lib/m5206e\libc.a(lib_a-wcsrtombs.o)
                0x400262bc                _wcsrtombs_r
                0x400263ca                wcsrtombs
 .text          0x400263ec      0x452 c:/nburn/gcc-m68k/bin/../lib/gcc/m68k-elf/4.2.1/../../../../m68k-elf/lib/m5206e\libc.a(lib_a-wctomb_r.o)
                0x400263ec                _wctomb_r
 *fill*         0x4002683e        0x2 00
 .text          0x40026840      0x130 c:/nburn/gcc-m68k/bin/../lib/gcc/m68k-elf/4.2.1/../../../../m68k-elf/lib/m5206e\libc.a(lib_a-wsetup.o)
                0x40026840                __swsetup
 .text          0x40026970       0xe8 c:/nburn/gcc-m68k/bin/../lib/gcc/m68k-elf/4.2.1/../../../../m68k-elf/lib/m5206e\libc.a(lib_a-__atexit.o)
                0x40026970                __register_exitproc
 .text          0x40026a58        0x0 c:/nburn/gcc-m68k/bin/../lib/gcc/m68k-elf/4.2.1/../../../../m68k-elf/lib/m5206e\libc.a(lib_a-ctype_.o)
 .text          0x40026a58      0x198 c:/nburn/gcc-m68k/bin/../lib/gcc/m68k-elf/4.2.1/../../../../m68k-elf/lib/m5206e\libc.a(lib_a-fflush.o)
                0x40026a58                fflush
 .text          0x40026bf0      0x25e c:/nburn/gcc-m68k/bin/../lib/gcc/m68k-elf/4.2.1/../../../../m68k-elf/lib/m5206e\libc.a(lib_a-findfp.o)
                0x40026c4a                __sinit
                0x40026d02                __sfmoreglue
                0x40026cf0                _cleanup
                0x40026cd6                _cleanup_r
                0x40026d70                __sfp
 *fill*         0x40026e4e        0x2 00
 .text          0x40026e50      0x422 c:/nburn/gcc-m68k/bin/../lib/gcc/m68k-elf/4.2.1/../../../../m68k-elf/lib/m5206e\libc.a(lib_a-freer.o)
                0x40026f40                _free_r
                0x40026e50                _malloc_trim_r
 *fill*         0x40027272        0x2 00
 .text          0x40027274      0x37e c:/nburn/gcc-m68k/bin/../lib/gcc/m68k-elf/4.2.1/../../../../m68k-elf/lib/m5206e\libc.a(lib_a-fvwrite.o)
                0x40027274                __sfvwrite_r
 *fill*         0x400275f2        0x2 00
 .text          0x400275f4       0xe4 c:/nburn/gcc-m68k/bin/../lib/gcc/m68k-elf/4.2.1/../../../../m68k-elf/lib/m5206e\libc.a(lib_a-fwalk.o)
                0x400275f4                _fwalk
                0x40027664                _fwalk_reent
 .text          0x400276d8       0xa6 c:/nburn/gcc-m68k/bin/../lib/gcc/m68k-elf/4.2.1/../../../../m68k-elf/lib/m5206e\libc.a(lib_a-locale.o)
                0x40027706                _setlocale_r
                0x400276d8                __locale_charset
                0x400276e6                _localeconv_r
                0x40027766                setlocale
                0x400276f4                localeconv
 *fill*         0x4002777e        0x2 00
 .text          0x40027780      0x178 c:/nburn/gcc-m68k/bin/../lib/gcc/m68k-elf/4.2.1/../../../../m68k-elf/lib/m5206e\libc.a(lib_a-makebuf.o)
                0x40027780                __smakebuf
 .text          0x400278f8       0xd2 c:/nburn/gcc-m68k/bin/../lib/gcc/m68k-elf/4.2.1/../../../../m68k-elf/lib/m5206e\libc.a(lib_a-memchr.o)
                0x400278f8                memchr
 *fill*         0x400279ca        0x2 00
 .text          0x400279cc       0xb6 c:/nburn/gcc-m68k/bin/../lib/gcc/m68k-elf/4.2.1/../../../../m68k-elf/lib/m5206e\libc.a(lib_a-memmove.o)
                0x400279cc                memmove
 *fill*         0x40027a82        0x2 00
 .text          0x40027a84      0x502 c:/nburn/gcc-m68k/bin/../lib/gcc/m68k-elf/4.2.1/../../../../m68k-elf/lib/m5206e\libc.a(lib_a-reallocr.o)
                0x40027a84                _realloc_r
 *fill*         0x40027f86        0x2 00
 .text          0x40027f88      0x21c c:/nburn/gcc-m68k/bin/../lib/gcc/m68k-elf/4.2.1/../../../../m68k-elf/lib/m5206e\libc.a(lib_a-refill.o)
                0x40027fac                __srefill_r
 .text          0x400281a4      0x162 c:/nburn/gcc-m68k/bin/../lib/gcc/m68k-elf/4.2.1/../../../../m68k-elf/lib/m5206e\libc.a(lib_a-stdio.o)
                0x400281c2                __sseek
                0x400282b4                __sread
                0x400281a4                __sclose
                0x40028224                __swrite
 *fill*         0x40028306        0x2 00
 .text          0x40028308       0x70 c:/nburn/gcc-m68k/bin/../lib/gcc/m68k-elf/4.2.1/../../../../m68k-elf/lib/m5206e\libc.a(lib_a-strcmp.o)
                0x40028308                strcmp
 .text          0x40028378       0x3e c:/nburn/gcc-m68k/bin/../lib/gcc/m68k-elf/4.2.1/../../../../m68k-elf/lib/m5206e\libc.a(lib_a-writer.o)
                0x40028378                _write_r
 *fill*         0x400283b6        0x2 00
 .text          0x400283b8       0x32 c:/nburn/gcc-m68k/bin/../lib/gcc/m68k-elf/4.2.1/../../../../m68k-elf/lib/m5206e\libc.a(lib_a-closer.o)
                0x400283b8                _close_r
 *fill*         0x400283ea        0x2 00
 .text          0x400283ec       0xfe c:/nburn/gcc-m68k/bin/../lib/gcc/m68k-elf/4.2.1/../../../../m68k-elf/lib/m5206e\libc.a(lib_a-fclose.o)
                0x400283ec                _fclose_r
                0x400284d4                fclose
 *fill*         0x400284ea        0x2 00
 .text          0x400284ec       0x36 c:/nburn/gcc-m68k/bin/../lib/gcc/m68k-elf/4.2.1/../../../../m68k-elf/lib/m5206e\libc.a(lib_a-fstatr.o)
                0x400284ec                _fstat_r
 *fill*         0x40028522        0x2 00
 .text          0x40028524       0x3e c:/nburn/gcc-m68k/bin/../lib/gcc/m68k-elf/4.2.1/../../../../m68k-elf/lib/m5206e\libc.a(lib_a-lseekr.o)
                0x40028524                _lseek_r
 *fill*         0x40028562        0x2 00
 .text          0x40028564       0x3e c:/nburn/gcc-m68k/bin/../lib/gcc/m68k-elf/4.2.1/../../../../m68k-elf/lib/m5206e\libc.a(lib_a-readr.o)
                0x40028564                _read_r
 *fill*         0x400285a2        0x2 00
 .text          0x400285a4       0x72 c:/nburn/gcc-m68k/bin/../lib/gcc/m68k-elf/4.2.1/m5206e\libgcc.a(_muldi3.o)
                0x400285a4                __muldi3
 *fill*         0x40028616        0x2 00
 .text          0x40028618       0x32 c:/nburn/gcc-m68k/bin/../lib/gcc/m68k-elf/4.2.1/m5206e/crtend.o
                0x40028650                . = ALIGN (0x10)
 *fill*         0x4002864a        0x6 00
 *(.text.*)
 .text._ZN5PinIOC1Eii
                0x40028650       0x22 LCD.o
                0x40028650                PinIO::PinIO(int, int)
 *fill*         0x40028672        0x2 00
 .text._ZN12PinIOJ2ArrayixEi
                0x40028674       0x28 LCD.o
                0x40028674                PinIOJ2Array::operator[](int)
 .text._ZN5PinIOaSEi
                0x4002869c       0x28 LCD.o
                0x4002869c                PinIO::operator=(int)
 .text._ZdlPv   0x400286c4       0x16 c:/nburn/gcc-m68k/bin/../lib/gcc/m68k-elf/4.2.1/../../../../m68k-elf/lib/m5206e\libstdc++.a(del_op.o)
                0x400286c4                operator delete(void*)
                0x400286e0                . = ALIGN (0x10)
 *fill*         0x400286da        0x6 00
 *(.eh_frame)
 .eh_frame      0x400286e0        0x0 c:/nburn/gcc-m68k/bin/../lib/gcc/m68k-elf/4.2.1/m5206e/crtbegin.o
 .eh_frame      0x400286e0       0x40 c:/nburn/gcc-m68k/bin/../lib/gcc/m68k-elf/4.2.1/m5206e\libgcc.a(_udivdi3.o)
 .eh_frame      0x40028720       0x2c c:/nburn/gcc-m68k/bin/../lib/gcc/m68k-elf/4.2.1/m5206e\libgcc.a(_umoddi3.o)
                                 0x40 (size before relaxing)
 .eh_frame      0x4002874c        0x4 c:/nburn/gcc-m68k/bin/../lib/gcc/m68k-elf/4.2.1/m5206e/crtend.o
                0x40028750                . = ALIGN (0x10)
 *fill*         0x40028750        0x0 00
 *(.gnu.linkonce.t.*)
                0x40028750                . = ALIGN (0x4)
                0x40028750                __CTOR_LIST__ = .
 *(.ctors)
 .ctors         0x40028750        0x4 c:/nburn/gcc-m68k/bin/../lib/gcc/m68k-elf/4.2.1/m5206e/crtbegin.o
 .ctors         0x40028754        0x4 lab3.o
 .ctors         0x40028758        0x4 C:\nburn/lib/MOD5441X.a(dspi.o)
 .ctors         0x4002875c        0x4 C:\nburn/lib/NetBurner.a(ip.o)
 .ctors         0x40028760        0x4 C:\nburn/lib/NetBurner.a(buffers.o)
 .ctors         0x40028764        0x4 C:\nburn/lib/NetBurner.a(tcp.o)
 .ctors         0x40028768        0x4 C:\nburn/lib/MOD5441X.a(serial.o)
 .ctors         0x4002876c        0x4 c:/nburn/gcc-m68k/bin/../lib/gcc/m68k-elf/4.2.1/m5206e/crtend.o
                0x40028770                __CTOR_END__ = .
                0x40028770        0x4 LONG 0x0
                0x40028774                __CTOR_END__ = .
                0x40028774                __DTOR_LIST__ = .
                0x40028774                ___DTOR_LIST__ = .
                0x40028774        0x4 LONG 0x2 (((__DTOR_END__ - __DTOR_LIST__) / 0x4) - 0x2)
 *(.dtors)
 .dtors         0x40028778        0x4 c:/nburn/gcc-m68k/bin/../lib/gcc/m68k-elf/4.2.1/m5206e/crtbegin.o
 .dtors         0x4002877c        0x4 c:/nburn/gcc-m68k/bin/../lib/gcc/m68k-elf/4.2.1/m5206e/crtend.o
                0x40028780        0x4 LONG 0x0
                0x40028784                __DTOR_END__ = .
 *(.rodata)
 .rodata        0x40028784       0x77 lab3.o
 .rodata        0x400287fb       0xec error_wrapper.o
 .rodata        0x400288e7      0x763 LCD.o
 .rodata        0x4002904a       0x23 DA.o
 *fill*         0x4002906d        0x1 00
 .rodata        0x4002906e      0x1bf htmldata.o
                0x40029078                n_file_record
                0x40029090                file_record
 .rodata        0x4002922d      0x108 C:\nburn/lib/NetBurner.a(ucos.o)
                0x40029235                FAKE_OSUnMapTbl
                0x4002922d                FAKE_OSMapTbl
 *fill*         0x40029335        0xb 00
 .rodata        0x40029340        0x4 C:\nburn/lib/NetBurner.a(buffers.o)
 .rodata        0x40029344        0x2 C:\nburn/lib/NetBurner.a(udp.o)
 .rodata        0x40029346        0xd C:\nburn/lib/NetBurner.a(tcp.o)
 *fill*         0x40029353        0x1 00
 .rodata        0x40029354       0xb8 C:\nburn/lib/NetBurner.a(utils.o)
 .rodata        0x4002940c       0x50 C:\nburn/lib/MOD5441X.a(serial.o)
 .rodata        0x4002945c      0x400 C:\nburn/lib/MOD5441X.a(emulticast.o)
 .rodata        0x4002985c        0x1 C:\nburn/lib/MOD5441X.a(weak_autoenet_var.o)
                0x4002985c                bAutomatic2ndEther
 .rodata        0x4002985d      0x100 c:/nburn/gcc-m68k/bin/../lib/gcc/m68k-elf/4.2.1/m5206e\libgcc.a(_clz.o)
                0x4002985d                __clz_tab
 *fill*         0x4002995d        0x1 00
 .rodata        0x4002995e        0x4 c:/nburn/gcc-m68k/bin/../lib/gcc/m68k-elf/4.2.1/../../../../m68k-elf/lib/m5206e\libc.a(lib_a-impure.o)
                0x4002995e                _global_impure_ptr
 .rodata        0x40029962       0x20 c:/nburn/gcc-m68k/bin/../lib/gcc/m68k-elf/4.2.1/../../../../m68k-elf/lib/m5206e\libc.a(lib_a-vfiprintf.o)
 .rodata        0x40029982      0x101 c:/nburn/gcc-m68k/bin/../lib/gcc/m68k-elf/4.2.1/../../../../m68k-elf/lib/m5206e\libc.a(lib_a-ctype_.o)
                0x40029982                _ctype_
 *fill*         0x40029a83        0x1 00
 .rodata        0x40029a84       0x34 c:/nburn/gcc-m68k/bin/../lib/gcc/m68k-elf/4.2.1/../../../../m68k-elf/lib/m5206e\libc.a(lib_a-locale.o)
 *(.rodata.*)
 .rodata._ZTV3LCD
                0x40029ab8       0x10 LCD.o
                0x40029ab8                vtable for LCD
 .rodata._ZTV2DA
                0x40029ac8       0x10 DA.o
                0x40029ac8                vtable for DA
 .rodata._ZTV2AD
                0x40029ad8       0x10 AD.o
                0x40029ad8                vtable for AD
 .rodata.str1.1
                0x40029ae8        0x9 C:\nburn/lib/MOD5441X.a(bsp.o)
 .rodata.str1.1
                0x40029af1        0x5 C:\nburn/lib/NetBurner.a(ucos.o)
 .rodata.str1.1
                0x40029af6        0x3 C:\nburn/lib/NetBurner.a(fileio.o)
                                  0x6 (size before relaxing)
 .rodata.str1.1
                0x40029af9        0x5 C:\nburn/lib/NetBurner.a(main.o)
 .rodata.str1.1
                0x40029afe      0x212 C:\nburn/lib/NetBurner.a(ip.o)
                                0x217 (size before relaxing)
 .rodata.str1.1
                0x40029d10       0x6e C:\nburn/lib/NetBurner.a(buffers.o)
                                 0x70 (size before relaxing)
 .rodata.str1.1
                0x40029d7e       0x50 C:\nburn/lib/NetBurner.a(arp.o)
 .rodata.str1.1
                0x40029dce       0x18 C:\nburn/lib/NetBurner.a(udp.o)
 .rodata.str1.1
                0x40029de6      0x38f C:\nburn/lib/NetBurner.a(tcp.o)
                                0x392 (size before relaxing)
 .rodata.str1.1
                0x4002a175        0x5 C:\nburn/lib/NetBurner.a(http.o)
 .rodata.str1.1
                0x4002a17a      0x523 C:\nburn/lib/NetBurner.a(httpinternal.o)
                                0x558 (size before relaxing)
 .rodata.str1.1
                0x4002a69d       0xf4 C:\nburn/lib/NetBurner.a(htmldecomp.o)
 .rodata.str1.1
                0x4002a791       0xa2 C:\nburn/lib/NetBurner.a(taskmon.o)
                                 0xa7 (size before relaxing)
 .rodata.str1.1
                0x4002a833      0x4f9 C:\nburn/lib/NetBurner.a(smarttrap.o)
                                0x540 (size before relaxing)
 .rodata.str1.1
                0x4002ad2c       0x37 C:\nburn/lib/NetBurner.a(nbiprintf.o)
                                 0x41 (size before relaxing)
 .rodata.str1.1
                0x4002ad63       0xc9 C:\nburn/lib/NetBurner.a(system.o)
                                 0xcd (size before relaxing)
 .rodata.str1.1
                0x4002ae2c      0x165 C:\nburn/lib/NetBurner.a(utils.o)
                                0x17b (size before relaxing)
 .rodata.str1.1
                0x4002af91      0x15a C:\nburn/lib/MOD5441X.a(serial.o)
 .rodata.str1.1
                0x4002b0eb        0xe C:\nburn/lib/MOD5441X.a(ethernet.o)
 .rodata.str1.1
                0x4002b0f9      0x44e C:\nburn/lib/MOD5441X.a(etherprint.o)
                                0x497 (size before relaxing)
 .rodata.str1.1
                0x4002b547        0xa C:\nburn/lib/MOD5441X.a(ether2nd.o)
 .rodata.str1.1
                0x4002b551        0x2 c:/nburn/gcc-m68k/bin/../lib/gcc/m68k-elf/4.2.1/../../../../m68k-elf/lib/m5206e\libc.a(lib_a-impure.o)
 .rodata.str1.1
                0x00000000        0x2 c:/nburn/gcc-m68k/bin/../lib/gcc/m68k-elf/4.2.1/../../../../m68k-elf/lib/m5206e\libc.a(lib_a-puts.o)
 .rodata.str1.1
                0x4002b553       0x3c c:/nburn/gcc-m68k/bin/../lib/gcc/m68k-elf/4.2.1/../../../../m68k-elf/lib/m5206e\libc.a(lib_a-vfiprintf.o)
                                 0x43 (size before relaxing)
 .rodata.str1.1
                0x4002b58f       0x1d c:/nburn/gcc-m68k/bin/../lib/gcc/m68k-elf/4.2.1/../../../../m68k-elf/lib/m5206e\libc.a(lib_a-wctomb_r.o)
 .rodata.str1.1
                0x4002b5ac        0xb c:/nburn/gcc-m68k/bin/../lib/gcc/m68k-elf/4.2.1/../../../../m68k-elf/lib/m5206e\libc.a(lib_a-locale.o)
                                 0x10 (size before relaxing)
 *(.gnu.linkonce.*)
 *(.gcc_except_table)
                0x4002b5b8                . = ALIGN (0x4)
 *fill*         0x4002b5b7        0x1 00
                0x4002b5b8                __INIT_SECTION__ = .
                0x4002b5b8        0x4 LONG 0x4e560000
 *(.init)
 .init          0x4002b5bc        0x6 c:/nburn/gcc-m68k/bin/../lib/gcc/m68k-elf/4.2.1/m5206e/crtbegin.o
 .init          0x4002b5c2        0x6 c:/nburn/gcc-m68k/bin/../lib/gcc/m68k-elf/4.2.1/m5206e/crtend.o
                0x4002b5c8        0x2 SHORT 0x4e5e
                0x4002b5ca        0x2 SHORT 0x4e75
                0x4002b5cc                . = ALIGN (0x4)
                0x4002b5cc                __FINI_SECTION__ = .
                0x4002b5cc        0x4 LONG 0x4e560000
 *(.fini)
 .fini          0x4002b5d0        0x6 c:/nburn/gcc-m68k/bin/../lib/gcc/m68k-elf/4.2.1/m5206e/crtbegin.o
                0x4002b5d6        0x2 SHORT 0x4e5e
                0x4002b5d8        0x2 SHORT 0x4e75
 *(.lit)
                0x4002b5e0                . = ALIGN (0x10)
 *fill*         0x4002b5da        0x6 00
                0x4002b5e0                _etext = .
                0x4002b5e0                etext = .

.data           0x4002b5e0      0x990
                0x4002b5e0                copy_start = .
 *(.shdata)
 *(.data)
 .data          0x4002b5e0        0x4 c:/nburn/gcc-m68k/bin/../lib/gcc/m68k-elf/4.2.1/../../../../m68k-elf/lib/m5206e\nb-crt0.o
 .data          0x4002b5e4        0x8 c:/nburn/gcc-m68k/bin/../lib/gcc/m68k-elf/4.2.1/m5206e/crtbegin.o
                0x4002b5e4                __dso_handle
 .data          0x4002b5ec        0x4 lab3.o
                0x4002b5ec                AppName
 .data          0x4002b5f0       0x24 error_wrapper.o
 .data          0x4002b614        0x0 LCD.o
 .data          0x4002b614        0x0 DA.o
 .data          0x4002b614        0x0 AD.o
 .data          0x4002b614      0x108 htmldata.o
                0x4002b61c                html_table
                0x4002b618                MIME_table
                0x4002b614                default_page
 .data          0x4002b71c        0x4 C:\nburn/lib/MOD5441X.a(bsp.o)
                0x4002b71c                PlatformName
 .data          0x4002b720        0x0 C:\nburn/lib/MOD5441X.a(flash.o)
 .data          0x4002b720        0x0 C:\nburn/lib/MOD5441X.a(pins.o)
 .data          0x4002b720        0x2 C:\nburn/lib/MOD5441X.a(dspi.o)
 *fill*         0x4002b722        0x2 00
 .data          0x4002b724        0x0 C:\nburn/lib/NetBurner.a(ucosmcfa.o)
 .data          0x4002b724        0x0 C:\nburn/lib/NetBurner.a(software_init.o)
 .data          0x4002b724        0x0 C:\nburn/lib/NetBurner.a(ucosmcfc.o)
 .data          0x4002b724        0x0 C:\nburn/lib/NetBurner.a(ucos.o)
 .data          0x4002b724        0x0 C:\nburn/lib/NetBurner.a(debugtrap.o)
 .data          0x4002b724        0x0 C:\nburn/lib/NetBurner.a(ucosmain.o)
 .data          0x4002b724        0x0 C:\nburn/lib/NetBurner.a(fileio.o)
 .data          0x4002b724        0x0 C:\nburn/lib/NetBurner.a(main.o)
 .data          0x4002b724        0x0 C:\nburn/lib/NetBurner.a(ip.o)
 .data          0x4002b724        0x0 C:\nburn/lib/NetBurner.a(buffers.o)
 .data          0x4002b724        0x0 C:\nburn/lib/NetBurner.a(arp.o)